// Jest Snapshot v1, https://goo.gl/fbAQLP

exports[`<Flatlist /> should render component correctly 1`] = `
<RCTScrollView
  data={[]}
  getItem={[Function]}
  getItemCount={[Function]}
  keyExtractor={[Function]}
  onContentSizeChange={[Function]}
  onLayout={[Function]}
  onMomentumScrollBegin={[Function]}
  onMomentumScrollEnd={[Function]}
  onScroll={[Function]}
  onScrollBeginDrag={[Function]}
  onScrollEndDrag={[Function]}
  removeClippedSubviews={false}
  renderItem={[Function]}
  scrollEventThrottle={50}
  showsHorizontalScrollIndicator={false}
  showsVerticalScrollIndicator={false}
  stickyHeaderIndices={[]}
  viewabilityConfigCallbackPairs={[]}
>
  <View />
</RCTScrollView>
`;
