// Jest Snapshot v1, https://goo.gl/fbAQLP

exports[`<View /> should render component correctly 1`] = `<View />`;
