// Jest Snapshot v1, https://goo.gl/fbAQLP

exports[`<Divider /> should render component correctly 1`] = `
<View
  style={
    [
      {
        "backgroundColor": "#AFB1B6",
        "height": 1,
        "width": "100%",
      },
      undefined,
    ]
  }
/>
`;
