// Jest Snapshot v1, https://goo.gl/fbAQLP

exports[`should render Text component 1`] = `
<Text
  style={
    Array [
      Object {
        "color": "#212529",
        "fontFamily": "SourceSansPro-Regular",
        "fontSize": 16,
      },
      undefined,
    ]
  }
/>
`;
