// Jest Snapshot v1, https://goo.gl/fbAQLP

exports[`<Spinner /> should render component correctly 1`] = `null`;
