// Jest Snapshot v1, https://goo.gl/fbAQLP

exports[`<SafeArea /> should render component correctly 1`] = `
<RCTSafeAreaView
  style={
    {
      "flex": 1,
    }
  }
>
  <View
    style={
      [
        {
          "flex": 1,
        },
        undefined,
        undefined,
      ]
    }
  />
</RCTSafeAreaView>
`;
